// Jest Snapshot v1, https://goo.gl/fbAQLP

exports[`<Select /> snapshot 1`] = `
<form
  onSubmit={[Function]}
>
  <input
    type="submit"
    value="submit"
  />
</form>
`;
