// Jest Snapshot v1, https://goo.gl/fbAQLP

exports[`<Radio /> snapshot 1`] = `
<form
  onSubmit={[Function]}
/>
`;
