// Jest Snapshot v1, https://goo.gl/fbAQLP

exports[`<Form /> snapshot 1`] = `
<form
  onSubmit={[Function]}
>
  <div
    className="MuiFormControl-root MuiTextField-root MuiFormControl-marginNormal"
    data-testid="muiinput"
    field={
      Object {
        "input": Object {
          "checked": undefined,
          "name": "firstName",
          "onBlur": [Function],
          "onChange": [Function],
          "onFocus": [Function],
          "type": "text",
          "value": "",
        },
        "meta": Object {
          "active": false,
          "data": Object {},
          "dirty": false,
          "dirtySinceLastSubmit": false,
          "error": undefined,
          "initial": undefined,
          "invalid": false,
          "length": undefined,
          "modified": false,
          "modifiedSinceLastSubmit": false,
          "pristine": true,
          "submitError": undefined,
          "submitFailed": false,
          "submitSucceeded": false,
          "submitting": false,
          "touched": false,
          "valid": true,
          "validating": false,
          "visited": false,
        },
      }
    }
  >
    
    <div
      className="MuiInputBase-root MuiInput-root MuiInput-underline MuiInputBase-formControl MuiInput-formControl"
      onClick={[Function]}
    >
      <input
        aria-invalid={false}
        autoComplete=""
        autoFocus={false}
        className="MuiInputBase-input MuiInput-input"
        disabled={false}
        name="firstName"
        onAnimationStart={[Function]}
        onBlur={[Function]}
        onChange={[Function]}
        onFocus={[Function]}
        placeholder=""
        required={false}
        rows=""
        type="text"
        value=""
      />
    </div>
  </div>
</form>
`;
