// Jest Snapshot v1, https://goo.gl/fbAQLP

exports[`snapshot 1`] = `
<div
  onBlur={[Function]}
  onClick={[Function]}
  onDragEnter={[Function]}
  onDragLeave={[Function]}
  onDragOver={[Function]}
  onDrop={[Function]}
  onFocus={[Function]}
  onKeyDown={[Function]}
  tabIndex={0}
>
  <input
    accept="image/jpeg, image/png, application/pdf"
    autoComplete="off"
    multiple={true}
    onChange={[Function]}
    onClick={[Function]}
    style={
      Object {
        "display": "none",
      }
    }
    tabIndex={-1}
    type="file"
  />
  <h6
    className="MuiTypography-root MuiTypography-subtitle1"
  >
    Drag 'n' drop some files here, or click to select files
  </h6>
</div>
`;
